[Profiler] Starting analysis...
[Profiler] Target Project Directory: C:\proyectos_dev\ShifT\solutions\Demo1
[Profiler] Found 1 Python files in Drafting.
[Profiler] Analyzing file: DimCustomers.py...
[Profiler]   > Detected PK candidates for DimCustomers.py (DIMENSION): ['custid']
[Profiler] Profile metadata saved to C:\proyectos_dev\ShifT\solutions\Demo1\Refinement\profile_metadata.json
[Profiler] Complete. Analyzed 1 files.
[Architect] Segmenting into Medallion Architecture (Bronze/Silver/Gold)...
[Architect] Solutions Directory: C:\proyectos_dev\ShifT\solutions\Demo1
[Architect] Ensuring Medallion folder structure (Bronze/Silver/Gold)...
[Architect] Generated: config.py
[Architect] Generated: utils.py
[Architect] Processing 1 source files for Medallion segmentation...
[Architect] Transforming DimCustomers.py -> Bronze & Silver layers
[Architect] Medallion structure created.
[Refactoring] Applying Spark Optimizations and Security Controls...
[Refactoring] Scanning generated files for optimization candidates...
[Refactoring] Optimizing BRONZE layer (1 files)...
[Refactoring]   > DimCustomers_bronze.py: Added Z-Order hint
[Refactoring]   > DimCustomers_bronze.py: Validated Secret Scope usage
[Refactoring] Optimizing SILVER layer (1 files)...
[Refactoring]   > DimCustomers_silver.py: Added Z-Order hint
[Refactoring]   > DimCustomers_silver.py: Validated Secret Scope usage
[Refactoring] Optimizing GOLD layer (1 files)...
[Refactoring]   > DimCustomers_gold.py: Added Z-Order hint
[Refactoring]   > DimCustomers_gold.py: Validated Secret Scope usage
[Refactoring] Optimized 3 files.
[OpsAuditor] Validating operational readiness and generating DevOps assets...
[OpsAuditor] Starting Operational Audit...
[OpsAuditor] OK: BRONZE layer contains 1 files.
[OpsAuditor] OK: SILVER layer contains 1 files.
[OpsAuditor] OK: GOLD layer contains 1 files.
[OpsAuditor] OK: DimCustomers_silver.py uses PK '['custid']' for MERGE.
[OpsAuditor] Generating Infrastructure-as-Code (IaC) manifests...
[OpsAuditor] Generating Operational Handbook (README_DEVOPS.md)...
[OpsAuditor] Audit Complete.
[OpsAuditor] Audit result: COMPLETED
[Refinement] Pipeline Complete.