--- Migration Started for Base ---
[2026-01-30T09:47:49.080128] Starting Migration for Base
[2026-01-30T09:47:49.851503] Step 1: Librarian - Scanning Schema Context...
[2026-01-30T09:47:49.854261] Librarian: Found 0 tables.
[2026-01-30T09:47:49.854894] Step 2: Topology - Building Orchestration Plan...
[2026-01-30T09:47:50.120167] Topology: Generated DAG with 2 phases.
[2026-01-30T09:47:50.121048] Step 3: Execution - Generating & Auditing Code...
[2026-01-30T09:47:50.121624] Entering Phase: Bronze_Ingestion
[2026-01-30T09:47:50.122183] Processing: DimCategory.dtsx...
[2026-01-30T09:48:08.809359] Developer: Generated DimCategory.dtsx... APPROVED (Score: 98)
[2026-01-30T09:48:08.809936] Processing: DimCustomers.dtsx...
[2026-01-30T09:48:22.278575] Developer: Generated DimCustomers.dtsx... APPROVED (Score: 98)
[2026-01-30T09:48:22.278947] Processing: DimEmployee.dtsx...
[2026-01-30T09:48:40.934320] Developer: Generated DimEmployee.dtsx... APPROVED (Score: 98)
[2026-01-30T09:48:40.934733] Processing: DimProduct.dtsx...
[2026-01-30T09:48:55.945021] Developer: Generated DimProduct.dtsx... APPROVED (Score: 100)
[2026-01-30T09:48:55.945443] Processing: DimShipper.dtsx...
[2026-01-30T09:49:07.797799] Developer: Generated DimShipper.dtsx... APPROVED (Score: 98)
[2026-01-30T09:49:07.798104] Processing: DimSupplier.dtsx...
[2026-01-30T09:49:19.927866] Developer: Generated DimSupplier.dtsx... APPROVED (Score: 98)
[2026-01-30T09:49:19.928416] Entering Phase: Gold_Delivery
[2026-01-30T09:49:19.928895] Processing: FactSales.dtsx...
[2026-01-30T09:49:32.932489] Compliance: REJECTED FactSales.dtsx (Score: 70)
[2026-01-30T09:49:32.932826] Migration Complete.
